// Jest Snapshot v1, https://goo.gl/fbAQLP

exports[`<Nodes /> should match snapshot 1`] = `
<div
  className="MuiBox-root MuiBox-root-1"
>
  <h1
    className="MuiTypography-root MuiTypography-h4"
  >
    <strong
      style={
        Object {
          "color": "#000",
        }
      }
    >
      Nodes
    </strong>
  </h1>
  <div
    className="MuiPaper-root MuiAccordion-root makeStyles-root-2 MuiAccordion-rounded MuiPaper-elevation3 MuiPaper-rounded"
  >
    <div
      aria-disabled={false}
      aria-expanded={false}
      className="MuiButtonBase-root MuiAccordionSummary-root makeStyles-summary-3"
      onBlur={[Function]}
      onClick={[Function]}
      onDragLeave={[Function]}
      onFocus={[Function]}
      onKeyDown={[Function]}
      onKeyUp={[Function]}
      onMouseDown={[Function]}
      onMouseLeave={[Function]}
      onMouseUp={[Function]}
      onTouchEnd={[Function]}
      onTouchMove={[Function]}
      onTouchStart={[Function]}
      role="button"
      tabIndex={0}
    >
      <div
        className="MuiAccordionSummary-content makeStyles-content-6"
      >
        <div
          className="MuiBox-root MuiBox-root-13 makeStyles-summaryContent-4"
        >
          <div
            className="MuiBox-root MuiBox-root-14"
          >
            <h5
              className="MuiTypography-root makeStyles-heading-8 MuiTypography-h5"
            >
              Node 1
            </h5>
            <h6
              className="MuiTypography-root makeStyles-secondaryHeading-9 MuiTypography-subtitle1"
            >
              https://thawing-springs-53971.herokuapp.com
            </h6>
          </div>
          <div
            className="MuiBox-root MuiBox-root-19"
          >
            <span
              className="makeStyles-dot-15 makeStyles-dot-17"
            />
            <span
              className="makeStyles-text-16 makeStyles-text-18"
            >
              OFFLINE
            </span>
          </div>
        </div>
      </div>
      <div
        aria-disabled={false}
        aria-hidden={true}
        className="MuiButtonBase-root MuiIconButton-root MuiAccordionSummary-expandIcon makeStyles-icon-5 MuiIconButton-edgeEnd"
        onBlur={[Function]}
        onDragLeave={[Function]}
        onFocus={[Function]}
        onKeyDown={[Function]}
        onKeyUp={[Function]}
        onMouseDown={[Function]}
        onMouseLeave={[Function]}
        onMouseUp={[Function]}
        onTouchEnd={[Function]}
        onTouchMove={[Function]}
        onTouchStart={[Function]}
        role={null}
        tabIndex={null}
      >
        <span
          className="MuiIconButton-label"
        >
          <svg
            aria-hidden={true}
            className="MuiSvgIcon-root"
            focusable="false"
            viewBox="0 0 24 24"
          >
            <path
              d="M16.59 8.59L12 13.17 7.41 8.59 6 10l6 6 6-6z"
            />
          </svg>
        </span>
      </div>
    </div>
    <div
      className="MuiCollapse-container MuiCollapse-hidden"
      style={
        Object {
          "minHeight": "0px",
        }
      }
    >
      <div
        className="MuiCollapse-wrapper"
      >
        <div
          className="MuiCollapse-wrapperInner"
        >
          <div
            role="region"
          >
            <div
              className="MuiAccordionDetails-root"
            >
              <div
                className="MuiBox-root MuiBox-root-20 makeStyles-block_wrapper-10"
              >
                <div
                  className="MuiBox-root MuiBox-root-21 makeStyles-block-11"
                >
                  <p
                    className="MuiTypography-root makeStyles-block_id-12 MuiTypography-body1"
                  >
                    001
                  </p>
                  <p
                    className="MuiTypography-root MuiTypography-body1"
                  >
                    test 1
                  </p>
                </div>
              </div>
            </div>
          </div>
        </div>
      </div>
    </div>
  </div>
  <div
    className="MuiPaper-root MuiAccordion-root makeStyles-root-2 MuiAccordion-rounded MuiPaper-elevation3 MuiPaper-rounded"
  >
    <div
      aria-disabled={false}
      aria-expanded={false}
      className="MuiButtonBase-root MuiAccordionSummary-root makeStyles-summary-3"
      onBlur={[Function]}
      onClick={[Function]}
      onDragLeave={[Function]}
      onFocus={[Function]}
      onKeyDown={[Function]}
      onKeyUp={[Function]}
      onMouseDown={[Function]}
      onMouseLeave={[Function]}
      onMouseUp={[Function]}
      onTouchEnd={[Function]}
      onTouchMove={[Function]}
      onTouchStart={[Function]}
      role="button"
      tabIndex={0}
    >
      <div
        className="MuiAccordionSummary-content makeStyles-content-6"
      >
        <div
          className="MuiBox-root MuiBox-root-22 makeStyles-summaryContent-4"
        >
          <div
            className="MuiBox-root MuiBox-root-23"
          >
            <h5
              className="MuiTypography-root makeStyles-heading-8 MuiTypography-h5"
            >
              Node 2
            </h5>
            <h6
              className="MuiTypography-root makeStyles-secondaryHeading-9 MuiTypography-subtitle1"
            >
              https://secret-lowlands-62331.herokuapp.com
            </h6>
          </div>
          <div
            className="MuiBox-root MuiBox-root-26"
          >
            <span
              className="makeStyles-dot-15 makeStyles-dot-24"
            />
            <span
              className="makeStyles-text-16 makeStyles-text-25"
            >
              OFFLINE
            </span>
          </div>
        </div>
      </div>
      <div
        aria-disabled={false}
        aria-hidden={true}
        className="MuiButtonBase-root MuiIconButton-root MuiAccordionSummary-expandIcon makeStyles-icon-5 MuiIconButton-edgeEnd"
        onBlur={[Function]}
        onDragLeave={[Function]}
        onFocus={[Function]}
        onKeyDown={[Function]}
        onKeyUp={[Function]}
        onMouseDown={[Function]}
        onMouseLeave={[Function]}
        onMouseUp={[Function]}
        onTouchEnd={[Function]}
        onTouchMove={[Function]}
        onTouchStart={[Function]}
        role={null}
        tabIndex={null}
      >
        <span
          className="MuiIconButton-label"
        >
          <svg
            aria-hidden={true}
            className="MuiSvgIcon-root"
            focusable="false"
            viewBox="0 0 24 24"
          >
            <path
              d="M16.59 8.59L12 13.17 7.41 8.59 6 10l6 6 6-6z"
            />
          </svg>
        </span>
      </div>
    </div>
    <div
      className="MuiCollapse-container MuiCollapse-hidden"
      style={
        Object {
          "minHeight": "0px",
        }
      }
    >
      <div
        className="MuiCollapse-wrapper"
      >
        <div
          className="MuiCollapse-wrapperInner"
        >
          <div
            role="region"
          >
            <div
              className="MuiAccordionDetails-root"
            >
              <div
                className="MuiBox-root MuiBox-root-27 makeStyles-block_wrapper-10"
              >
                <div
                  className="MuiBox-root MuiBox-root-28 makeStyles-block-11"
                >
                  <p
                    className="MuiTypography-root makeStyles-block_id-12 MuiTypography-body1"
                  >
                    002
                  </p>
                  <p
                    className="MuiTypography-root MuiTypography-body1"
                  >
                    test 2
                  </p>
                </div>
              </div>
            </div>
          </div>
        </div>
      </div>
    </div>
  </div>
</div>
`;
